ERROR: /nix/store/aad2azx9as512xvzrra62bd7qhnnaizg-tpm2-tools-5.0/bin/.tpm2_eventlog-wrapped: unknown tool. Available tpm2 commands:
certifyX509certutil
checkquote
eventlog
print
rc_decode
activatecredential
certify
changeauth
changeeps
changepps
clear
clearcontrol
clockrateadjust
create
createak
createek
createpolicy
setprimarypolicy
createprimary
dictionarylockout
duplicate
getcap
gettestresult
encryptdecrypt
evictcontrol
flushcontext
getekcertificate
getrandom
gettime
hash
hierarchycontrol
hmac
import
incrementalselftest
load
loadexternal
makecredential
nvdefine
nvextend
nvincrement
nvreadpublic
nvread
nvreadlock
nvundefine
nvwrite
nvwritelock
nvsetbits
pcrallocate
pcrevent
pcrextend
pcrread
pcrreset
policypcr
policyauthorize
policyauthorizenv
policynv
policycountertimer
policyor
policynamehash
policytemplate
policycphash
policypassword
policysigned
policyticket
policyauthvalue
policysecret
policyrestart
policycommandcode
policynvwritten
policyduplicationselect
policylocality
quote
readclock
readpublic
rsadecrypt
rsaencrypt
send
selftest
setclock
shutdown
sign
certifycreation
nvcertify
startauthsession
startup
stirrandom
testparms
unseal
verifysignature
setcommandauditstatus
getcommandauditdigest
getsessionauditdigest
geteccparameters
ecephemeral
commit
ecdhkeygen
ecdhzgen
zgen2phase
